Git installation 
==================
. Git website

https://git-scm.com

# yum install git -y

. check version

# git --version

git version 1.8.3.1
------------------------------------------------------------------------
Git config values
=================
# git config --global user.name "saivachanran"

# git config --global user.email "chandransaiva@gmail.com"

# git config --list
------------------------------------------------------------------------
Git help

# git config --help

---------------------------------------------------------------------------

initialize git repository
========================

# mkdir local-repo

# cd ocal-repo

# git init
Initialized empty Git repository in /root/local-repo/.git/


# ls -la

-------------------------------------------------------------------------------

Befor commit check status
=========================

# git status

# On branch master
#
# Initial commit
#
# Untracked files:
#   (use "git add <file>..." to include in what will be committed)
#
#	index.html
#	info.php
nothing added to commit but untracked files present (use "git add" to track)
---------------------------------------------------------------------------------

config git color
===============

# git config --global color.ui true
--------------------------------------------------------------------------------

Add gitignore file
=================
touch .gitignore

vim .gitignore

index.html

# git status
------------------------------------------------------------------------------

Add file to staging area
========================

# git add .gitignore

# git add -A

remove file from staging area

# git reset .gitignore

# git status

# git reset

# git status

---------------------------------------------------------------------------------

First commit
============

# git add -A

# git commit -m "first commit"

# git status

# git log

---------------------------------------------------------------------------------

clone remote repository
======================

# mkdir kk

# cd kk

# git clone  https://github.com/saivachandran/syslog.git . 

# ls -la
---------------------------------------------------------------------------------

view remote repo
================

# git remote -v
origin	https://github.com/saivachandran/syslog.git (fetch)
origin	https://github.com/saivachandran/syslog.git (push)


# git branch -a
* master
  remotes/origin/HEAD -> origin/master
  remotes/origin/master
-----------------------------------------------------------------------------------

push changes to remote repository
=================================

# git diff

# git add -A

# git commit -m "date"

# git status

# git pull origin master

# git push origin master

----------------------------------------------------------------------------------

create branch desired work
==========================

# git branch sys1 

# git checkout sys1
Switched to branch 'sys1'

list all branches


# git branch
  master
* sys1


made change and commit file

# git status

# git add -A

# git commit -m "ini"

After commit push branch to remote repo

# git push -u origin master 


# git branch -a
  master
* sys1
  remotes/origin/HEAD -> origin/master
  remotes/origin/master
  remotes/origin/sys1

---------------------------------------------------------------

merge branch

# git checkout master

# git pull origin master

# git branch merged

# git merge sys1

# git push origin master


--------------------------------------------------------------

Delete branch
============

# git branch --merged


delete local branch

# git branch -d sys1

# git branch -a

delete remote repo

# git push origin --delete sys1

-------------------------------------------------------------- 	


















